Copyright 1986-2022 Xilinx, Inc. All Rights Reserved. Copyright 2022-2024 Advanced Micro Devices, Inc. All Rights Reserved.
---------------------------------------------------------------------------------------------------------------------------------------------
| Tool Version : Vivado v.2024.1 (win64) Build 5076996 Wed May 22 18:37:14 MDT 2024
| Date         : Sun Aug 18 12:17:57 2024
| Host         : Naboo running 64-bit major release  (build 9200)
| Command      : report_utilization -hierarchical -hierarchical_depth 6 -file ./report/fetching_ip_utilization_hierarchical_synth.rpt
| Design       : bd_0_wrapper
| Device       : xc7z020clg400-1
| Speed File   : -1
| Design State : Synthesized
---------------------------------------------------------------------------------------------------------------------------------------------

Utilization Design Information

Table of Contents
-----------------
1. Utilization by Hierarchy

1. Utilization by Hierarchy
---------------------------

+-----------------------------+-----------------------------------------------+------------+------------+---------+------+-----+--------+--------+------------+
|           Instance          |                     Module                    | Total LUTs | Logic LUTs | LUTRAMs | SRLs | FFs | RAMB36 | RAMB18 | DSP Blocks |
+-----------------------------+-----------------------------------------------+------------+------------+---------+------+-----+--------+--------+------------+
| bd_0_wrapper                |                                         (top) |        284 |        284 |       0 |    0 | 218 |     64 |      0 |          0 |
|   bd_0_i                    |                                          bd_0 |        284 |        284 |       0 |    0 | 218 |     64 |      0 |          0 |
|     hls_inst                |                               bd_0_hls_inst_0 |        284 |        284 |       0 |    0 | 218 |     64 |      0 |          0 |
|       (hls_inst)            |                               bd_0_hls_inst_0 |          0 |          0 |       0 |    0 |   0 |      0 |      0 |          0 |
|       inst                  |                   bd_0_hls_inst_0_fetching_ip |        284 |        284 |       0 |    0 | 218 |     64 |      0 |          0 |
|         (inst)              |                   bd_0_hls_inst_0_fetching_ip |          0 |          0 |       0 |    0 |  84 |      0 |      0 |          0 |
|         control_s_axi_U     |     bd_0_hls_inst_0_fetching_ip_control_s_axi |        243 |        243 |       0 |    0 | 100 |     64 |      0 |          0 |
|           (control_s_axi_U) |     bd_0_hls_inst_0_fetching_ip_control_s_axi |         70 |         70 |       0 |    0 | 100 |      0 |      0 |          0 |
|           int_code_ram      | bd_0_hls_inst_0_fetching_ip_control_s_axi_ram |        173 |        173 |       0 |    0 |   0 |     64 |      0 |          0 |
|         grp_fetch_fu_66     |             bd_0_hls_inst_0_fetching_ip_fetch |         41 |         41 |       0 |    0 |  34 |      0 |      0 |          0 |
+-----------------------------+-----------------------------------------------+------------+------------+---------+------+-----+--------+--------+------------+


