#-----------------------------------------------------------
# Vivado v2023.2 (64-bit)
# SW Build 4029153 on Fri Oct 13 20:14:34 MDT 2023
# IP Build 4028589 on Sat Oct 14 00:45:43 MDT 2023
# SharedData Build 4025554 on Tue Oct 10 17:18:54 MDT 2023
# Start of session at: Mon Nov 20 22:31:21 2023
# Process ID: 129572
# Current directory: C:/Users/monde/Documents/GitHub/nasa-CPU/Vitis_workspace/fetching_ip/fetching_ip/hls/impl/verilog/project.runs/impl_1
# Command line: vivado.exe -log bd_0_wrapper.vdi -applog -product Vivado -messageDb vivado.pb -mode batch -source bd_0_wrapper.tcl -notrace
# Log file: C:/Users/monde/Documents/GitHub/nasa-CPU/Vitis_workspace/fetching_ip/fetching_ip/hls/impl/verilog/project.runs/impl_1/bd_0_wrapper.vdi
# Journal file: C:/Users/monde/Documents/GitHub/nasa-CPU/Vitis_workspace/fetching_ip/fetching_ip/hls/impl/verilog/project.runs/impl_1\vivado.jou
# Running On: Naboo, OS: Windows, CPU Frequency: 3294 MHz, CPU Physical cores: 16, Host memory: 33567 MB
#-----------------------------------------------------------
source bd_0_wrapper.tcl -notrace
