#-----------------------------------------------------------
# Vivado v2023.1.1 (64-bit)
# SW Build 3900603 on Fri Jun 16 19:31:24 MDT 2023
# IP Build 3900379 on Sat Jun 17 05:28:05 MDT 2023
# SharedData Build 3899622 on Fri Jun 16 03:34:24 MDT 2023
# Start of session at: Wed Oct 11 07:24:45 2023
# Process ID: 38072
# Current directory: C:/Users/monde/Documents/GitHub/nasa-CPU/z2_rv32i_npp_ip/z2_rv32i_npp_ip.runs/design_1_rst_ps7_0_100M_0_synth_1
# Command line: vivado.exe -log design_1_rst_ps7_0_100M_0.vds -product Vivado -mode batch -messageDb vivado.pb -notrace -source design_1_rst_ps7_0_100M_0.tcl
# Log file: C:/Users/monde/Documents/GitHub/nasa-CPU/z2_rv32i_npp_ip/z2_rv32i_npp_ip.runs/design_1_rst_ps7_0_100M_0_synth_1/design_1_rst_ps7_0_100M_0.vds
# Journal file: C:/Users/monde/Documents/GitHub/nasa-CPU/z2_rv32i_npp_ip/z2_rv32i_npp_ip.runs/design_1_rst_ps7_0_100M_0_synth_1\vivado.jou
# Running On: Naboo, OS: Windows, CPU Frequency: 3294 MHz, CPU Physical cores: 16, Host memory: 33567 MB
#-----------------------------------------------------------
source design_1_rst_ps7_0_100M_0.tcl -notrace
