================================================================
== Vivado Place & Route Results
================================================================
+ General Information:
    * Date:            Mon Nov 20 22:32:38 +0800 2023
    * Version:         2023.2 (Build 4023990 on Oct 11 2023)
    * Project:         fetching_ip
    * Solution:        hls (Vivado IP Flow Target)
    * Product family:  zynq
    * Target device:   xc7z020-clg400-1


================================================================
== Run Constraints & Options
================================================================
+ Design Constraints & Options:
    * Place & Route target clock:  10 ns
    * C-Synthesis uncertainty:     27%

+ RTL Synthesis Options:
    * config_export -vivado_synth_strategy:     default
    * config_export -vivado_synth_design_args:  -directive sdx_optimization_effort_high

+ Place & Route Options:
    * config_export -vivado_impl_strategy:  default
    * config_export -vivado_phys_opt:       none

+ Reporting Options:
    * config_export -vivado_report_level:      2
    * config_export -vivado_max_timing_paths:  10


================================================================
== Place & Route Resource Summary
================================================================
LUT:              281
FF:               210
DSP:              0
BRAM:             128
URAM:             0
SRL:              0


================================================================
== Place & Route Timing Summary
================================================================
* Timing was met
+----------------+-------------+
| Timing         | Period (ns) |
+----------------+-------------+
| Target         | 10.000      |
| Post-Synthesis | 7.160       |
| Post-Route     | 8.772       |
+----------------+-------------+


================================================================
== Place & Route Resources
================================================================
+-------------------+-----+-----+-----+------+------+-----+--------+------+---------+----------+--------+
| Name              | LUT | FF  | DSP | BRAM | URAM | SRL | Pragma | Impl | Latency | Variable | Source |
+-------------------+-----+-----+-----+------+------+-----+--------+------+---------+----------+--------+
| inst              | 281 | 210 |     | 128  |      |     |        |      |         |          |        |
|   (inst)          |     | 68  |     |      |      |     |        |      |         |          |        |
|   control_s_axi_U | 243 | 108 |     | 128  |      |     |        |      |         |          |        |
|   grp_fetch_fu_62 | 38  | 34  |     |      |      |     |        |      |         |          |        |
+-------------------+-----+-----+-----+------+------+-----+--------+------+---------+----------+--------+


================================================================
== Place & Route Fail Fast
================================================================
+-----------------------------------------------------------+-----------+--------+--------+
| Criteria                                                  | Guideline | Actual | Status |
+-----------------------------------------------------------+-----------+--------+--------+
| LUT                                                       | 70%       | 0.53%  | OK     |
| FD                                                        | 50%       | 0.20%  | OK     |
| LUTRAM+SRL                                                | 25%       | 0.00%  | OK     |
| MUXF7                                                     | 15%       | 0.00%  | OK     |
| DSP                                                       | 80%       | 0.00%  | OK     |
| RAMB/FIFO                                                 | 80%       | 45.71% | OK     |
| DSP+RAMB+URAM (Avg)                                       | 70%       | 45.71% | OK     |
| BUFGCE* + BUFGCTRL                                        | 24        | 0      | OK     |
| DONT_TOUCH (cells/nets)                                   | 0         | 0      | OK     |
| MARK_DEBUG (nets)                                         | 0         | 0      | OK     |
| Control Sets                                              | 998       | 7      | OK     |
| Average Fanout for modules > 100k cells                   | 4         | 5.25   | REVIEW |
| Max Average Fanout for modules > 100k cells               | 4         | 0      | OK     |
| Non-FD high fanout nets > 10k loads                       | 0         | 0      | OK     |
+-----------------------------------------------------------+-----------+--------+--------+
| TIMING-6 (No common primary clock between related clocks) | 0         | 0      | OK     |
| TIMING-7 (No common node between related clocks)          | 0         | 0      | OK     |
| TIMING-8 (No common period between related clocks)        | 0         | 0      | OK     |
| TIMING-14 (LUT on the clock tree)                         | 0         | 0      | OK     |
| TIMING-35 (No common node in paths with the same clock)   | 0         | 0      | OK     |
+-----------------------------------------------------------+-----------+--------+--------+
| Number of paths above max LUT budgeting (0.575ns)         | 0         | 0      | OK     |
| Number of paths above max Net budgeting (0.403ns)         | 0         | 0      | OK     |
+-----------------------------------------------------------+-----------+--------+--------+


================================================================
== Place & Route Timing Paths
================================================================
* Timing was met
+-------+-------+------------------------------------------------------+----------------------------------------+--------------+------------+----------------+----------------+--------------+
| Path  | SLACK | STARTPOINT PIN                                       | ENDPOINT PIN                           | LOGIC LEVELS | MAX FANOUT | DATAPATH DELAY | DATAPATH LOGIC | DATAPATH NET |
|       |       |                                                      |                                        |              |            |                |          DELAY |        DELAY |
+-------+-------+------------------------------------------------------+----------------------------------------+--------------+------------+----------------+----------------+--------------+
| Path1 | 1.228 | control_s_axi_U/int_code_ram/mem_reg_1_0_3/CLKBWRCLK | ap_CS_fsm_reg[0]/D                     |            5 |          6 |          8.469 |          3.985 |        4.484 |
| Path2 | 1.558 | control_s_axi_U/int_code_ram/mem_reg_1_0_3/CLKBWRCLK | control_s_axi_U/int_ap_start_reg/D     |            5 |          6 |          8.435 |          3.989 |        4.446 |
| Path3 | 1.569 | control_s_axi_U/int_code_ram/mem_reg_1_0_3/CLKBWRCLK | ap_CS_fsm_reg[1]/D                     |            5 |          2 |          8.428 |          3.989 |        4.439 |
| Path4 | 1.601 | control_s_axi_U/int_code_ram/mem_reg_1_0_3/CLKBWRCLK | control_s_axi_U/int_task_ap_done_reg/D |            5 |          6 |          8.394 |          3.989 |        4.405 |
| Path5 | 1.750 | control_s_axi_U/int_code_ram/mem_reg_1_0_3/CLKBWRCLK | control_s_axi_U/int_isr_reg[0]/D       |            5 |          6 |          8.243 |          3.989 |        4.254 |
+-------+-------+------------------------------------------------------+----------------------------------------+--------------+------------+----------------+----------------+--------------+

    +--------------------------------------------+----------------------+
    | Path1 Cells                                | Primitive Type       |
    +--------------------------------------------+----------------------+
    | control_s_axi_U/int_code_ram/mem_reg_1_0_3 | BMEM.bram.RAMB36E1   |
    | control_s_axi_U/int_code_ram/mem_reg_1_1_3 | BMEM.bram.RAMB36E1   |
    | grp_fetch_fu_62/int_ap_start_i_13          | LUT.others.LUT5      |
    | grp_fetch_fu_62/int_ap_start_i_6           | LUT.others.LUT6      |
    | grp_fetch_fu_62/int_ap_start_i_2           | LUT.others.LUT6      |
    | control_s_axi_U/ap_CS_fsm[0]_i_1__0        | LUT.others.LUT4      |
    | ap_CS_fsm_reg[0]                           | FLOP_LATCH.flop.FDSE |
    +--------------------------------------------+----------------------+

    +--------------------------------------------+----------------------+
    | Path2 Cells                                | Primitive Type       |
    +--------------------------------------------+----------------------+
    | control_s_axi_U/int_code_ram/mem_reg_1_0_3 | BMEM.bram.RAMB36E1   |
    | control_s_axi_U/int_code_ram/mem_reg_1_1_3 | BMEM.bram.RAMB36E1   |
    | grp_fetch_fu_62/int_ap_start_i_13          | LUT.others.LUT5      |
    | grp_fetch_fu_62/int_ap_start_i_6           | LUT.others.LUT6      |
    | grp_fetch_fu_62/int_ap_start_i_2           | LUT.others.LUT6      |
    | control_s_axi_U/int_ap_start_i_1           | LUT.others.LUT4      |
    | control_s_axi_U/int_ap_start_reg           | FLOP_LATCH.flop.FDRE |
    +--------------------------------------------+----------------------+

    +--------------------------------------------+----------------------+
    | Path3 Cells                                | Primitive Type       |
    +--------------------------------------------+----------------------+
    | control_s_axi_U/int_code_ram/mem_reg_1_0_3 | BMEM.bram.RAMB36E1   |
    | control_s_axi_U/int_code_ram/mem_reg_1_1_3 | BMEM.bram.RAMB36E1   |
    | grp_fetch_fu_62/int_ap_start_i_13          | LUT.others.LUT5      |
    | grp_fetch_fu_62/int_ap_start_i_6           | LUT.others.LUT6      |
    | grp_fetch_fu_62/ap_CS_fsm[1]_i_2           | LUT.others.LUT6      |
    | grp_fetch_fu_62/ap_CS_fsm[1]_i_1__0        | LUT.others.LUT5      |
    | ap_CS_fsm_reg[1]                           | FLOP_LATCH.flop.FDRE |
    +--------------------------------------------+----------------------+

    +--------------------------------------------+----------------------+
    | Path4 Cells                                | Primitive Type       |
    +--------------------------------------------+----------------------+
    | control_s_axi_U/int_code_ram/mem_reg_1_0_3 | BMEM.bram.RAMB36E1   |
    | control_s_axi_U/int_code_ram/mem_reg_1_1_3 | BMEM.bram.RAMB36E1   |
    | grp_fetch_fu_62/int_ap_start_i_13          | LUT.others.LUT5      |
    | grp_fetch_fu_62/int_ap_start_i_6           | LUT.others.LUT6      |
    | grp_fetch_fu_62/int_ap_start_i_2           | LUT.others.LUT6      |
    | control_s_axi_U/int_task_ap_done_i_1       | LUT.others.LUT6      |
    | control_s_axi_U/int_task_ap_done_reg       | FLOP_LATCH.flop.FDRE |
    +--------------------------------------------+----------------------+

    +--------------------------------------------+----------------------+
    | Path5 Cells                                | Primitive Type       |
    +--------------------------------------------+----------------------+
    | control_s_axi_U/int_code_ram/mem_reg_1_0_3 | BMEM.bram.RAMB36E1   |
    | control_s_axi_U/int_code_ram/mem_reg_1_1_3 | BMEM.bram.RAMB36E1   |
    | grp_fetch_fu_62/int_ap_start_i_13          | LUT.others.LUT5      |
    | grp_fetch_fu_62/int_ap_start_i_6           | LUT.others.LUT6      |
    | grp_fetch_fu_62/int_ap_start_i_2           | LUT.others.LUT6      |
    | control_s_axi_U/int_isr[0]_i_1             | LUT.others.LUT5      |
    | control_s_axi_U/int_isr_reg[0]             | FLOP_LATCH.flop.FDRE |
    +--------------------------------------------+----------------------+


================================================================
== Place & Route Vivado Reports
================================================================
+--------------------------+---------------------------------------------------------------------+
| Report Type              | Report Location                                                     |
+--------------------------+---------------------------------------------------------------------+
| design_analysis          | impl/verilog/report/fetching_ip_design_analysis_routed.rpt          |
| failfast                 | impl/verilog/report/fetching_ip_failfast_routed.rpt                 |
| status                   | impl/verilog/report/fetching_ip_status_routed.rpt                   |
| timing                   | impl/verilog/report/fetching_ip_timing_routed.rpt                   |
| timing_paths             | impl/verilog/report/fetching_ip_timing_paths_routed.rpt             |
| utilization              | impl/verilog/report/fetching_ip_utilization_routed.rpt              |
| utilization_hierarchical | impl/verilog/report/fetching_ip_utilization_hierarchical_routed.rpt |
+--------------------------+---------------------------------------------------------------------+


