

================================================================
== Vitis HLS Report for 'execute'
================================================================
* Date:           Sun Sep  1 13:07:10 2024

* Version:        2024.1 (Build 5069499 on May 21 2024)
* Project:        fetching_decoding_ip
* Solution:       hls (Vivado IP Flow Target)
* Product family: zynq
* Target device:  xc7z020-clg400-1


================================================================
== Performance Estimates
================================================================
+ Timing: 
    * Summary: 
    +--------+----------+----------+------------+
    |  Clock |  Target  | Estimated| Uncertainty|
    +--------+----------+----------+------------+
    |ap_clk  |  10.00 ns|  4.142 ns|     2.70 ns|
    +--------+----------+----------+------------+

+ Latency: 
    * Summary: 
    +---------+---------+----------+----------+-----+-----+---------+
    |  Latency (cycles) |  Latency (absolute) |  Interval | Pipeline|
    |   min   |   max   |    min   |    max   | min | max |   Type  |
    +---------+---------+----------+----------+-----+-----+---------+
    |        0|        0|      0 ns|      0 ns|    0|    0|       no|
    +---------+---------+----------+----------+-----+-----+---------+

    + Detail: 
        * Instance: 
        N/A

        * Loop: 
        N/A



================================================================
== Utilization Estimates
================================================================
* Summary: 
+-----------------+---------+-----+--------+-------+-----+
|       Name      | BRAM_18K| DSP |   FF   |  LUT  | URAM|
+-----------------+---------+-----+--------+-------+-----+
|DSP              |        -|    -|       -|      -|    -|
|Expression       |        -|    -|       0|    114|    -|
|FIFO             |        -|    -|       -|      -|    -|
|Instance         |        -|    -|       0|     31|    -|
|Memory           |        -|    -|       -|      -|    -|
|Multiplexer      |        -|    -|       -|      -|    -|
|Register         |        -|    -|       -|      -|    -|
+-----------------+---------+-----+--------+-------+-----+
|Total            |        0|    0|       0|    145|    0|
+-----------------+---------+-----+--------+-------+-----+
|Available        |      280|  220|  106400|  53200|    0|
+-----------------+---------+-----+--------+-------+-----+
|Utilization (%)  |        0|    0|       0|     ~0|    0|
+-----------------+---------+-----+--------+-------+-----+

+ Detail: 
    * Instance: 
    +--------------------------+-----------------------+---------+----+---+----+-----+
    |         Instance         |         Module        | BRAM_18K| DSP| FF| LUT| URAM|
    +--------------------------+-----------------------+---------+----+---+----+-----+
    |sparsemux_15_6_16_1_1_U4  |sparsemux_15_6_16_1_1  |        0|   0|  0|  31|    0|
    +--------------------------+-----------------------+---------+----+---+----+-----+
    |Total                     |                       |        0|   0|  0|  31|    0|
    +--------------------------+-----------------------+---------+----+---+----+-----+

    * DSP: 
    N/A

    * Memory: 
    N/A

    * FIFO: 
    N/A

    * Expression: 
    +----------------------+----------+----+---+----+------------+------------+
    |     Variable Name    | Operation| DSP| FF| LUT| Bitwidth P0| Bitwidth P1|
    +----------------------+----------+----+---+----+------------+------------+
    |add_ln27_fu_70_p2     |         +|   0|  0|  23|          16|           1|
    |next_pc_fu_144_p2     |         +|   0|  0|  23|          16|          16|
    |icmp_ln7_1_fu_98_p2   |      icmp|   0|  0|  11|           3|           3|
    |icmp_ln7_2_fu_104_p2  |      icmp|   0|  0|  13|           3|           4|
    |icmp_ln7_3_fu_110_p2  |      icmp|   0|  0|  11|           3|           2|
    |icmp_ln7_4_fu_116_p2  |      icmp|   0|  0|  11|           3|           2|
    |icmp_ln7_5_fu_122_p2  |      icmp|   0|  0|  11|           3|           1|
    |icmp_ln7_fu_92_p2     |      icmp|   0|  0|  11|           3|           3|
    +----------------------+----------+----+---+----+------------+------------+
    |Total                 |          |   0|  0| 114|          50|          32|
    +----------------------+----------+----+---+----+------------+------------+

    * Multiplexer: 
    N/A

    * Register: 
    N/A



================================================================
== Interface
================================================================
* Summary: 
+-----------+-----+-----+------------+--------------+--------------+
| RTL Ports | Dir | Bits|  Protocol  | Source Object|    C Type    |
+-----------+-----+-----+------------+--------------+--------------+
|ap_ready   |  out|    1|  ap_ctrl_hs|       execute|  return value|
|ap_return  |  out|   16|  ap_ctrl_hs|       execute|  return value|
|ap_rst     |   in|    1|  ap_ctrl_hs|       execute|  return value|
|pc         |   in|   16|     ap_none|            pc|        scalar|
|d_i_type   |   in|    3|     ap_none|      d_i_type|        scalar|
|d_i_imm    |   in|   17|     ap_none|       d_i_imm|        scalar|
+-----------+-----+-----+------------+--------------+--------------+

