

================================================================
== Vitis HLS Report for 'fetching_decoding_ip'
================================================================
* Date:           Sun Sep  1 13:07:10 2024

* Version:        2024.1 (Build 5069499 on May 21 2024)
* Project:        fetching_decoding_ip
* Solution:       hls (Vivado IP Flow Target)
* Product family: zynq
* Target device:  xc7z020-clg400-1


================================================================
== Performance Estimates
================================================================
+ Timing: 
    * Summary: 
    +--------+----------+----------+------------+
    |  Clock |  Target  | Estimated| Uncertainty|
    +--------+----------+----------+------------+
    |ap_clk  |  10.00 ns|  5.730 ns|     2.70 ns|
    +--------+----------+----------+------------+

+ Latency: 
    * Summary: 
    +---------+---------+----------+----------+-----+-----+---------+
    |  Latency (cycles) |  Latency (absolute) |  Interval | Pipeline|
    |   min   |   max   |    min   |    max   | min | max |   Type  |
    +---------+---------+----------+----------+-----+-----+---------+
    |        ?|        ?|         ?|         ?|    ?|    ?|       no|
    +---------+---------+----------+----------+-----+-----+---------+

    + Detail: 
        * Instance: 
        +--------------------------------------+---------------------+---------+---------+-----------+-----------+-----+-----+---------+
        |                                      |                     |  Latency (cycles) |   Latency (absolute)  |  Interval | Pipeline|
        |               Instance               |        Module       |   min   |   max   |    min    |    max    | min | max |   Type  |
        +--------------------------------------+---------------------+---------+---------+-----------+-----------+-----+-----+---------+
        |grp_fetch_fu_82                       |fetch                |        1|        1|  10.000 ns|  10.000 ns|    1|    1|       no|
        |grp_decode_fu_89                      |decode               |        1|        1|  10.000 ns|  10.000 ns|    1|    1|       no|
        |is_running_running_cond_update_fu_94  |running_cond_update  |        0|        0|       0 ns|       0 ns|    0|    0|       no|
        |pc_1_execute_fu_99                    |execute              |        0|        0|       0 ns|       0 ns|    0|    0|       no|
        +--------------------------------------+---------------------+---------+---------+-----------+-----------+-----+-----+---------+

        * Loop: 
        +-------------------+---------+---------+----------+-----------+-----------+------+----------+
        |                   |  Latency (cycles) | Iteration|  Initiation Interval  | Trip |          |
        |     Loop Name     |   min   |   max   |  Latency |  achieved |   target  | Count| Pipelined|
        +-------------------+---------+---------+----------+-----------+-----------+------+----------+
        |- VITIS_LOOP_31_1  |        ?|        ?|         7|          -|          -|     ?|        no|
        +-------------------+---------+---------+----------+-----------+-----------+------+----------+



================================================================
== Utilization Estimates
================================================================
* Summary: 
+-----------------+---------+-----+--------+-------+-----+
|       Name      | BRAM_18K| DSP |   FF   |  LUT  | URAM|
+-----------------+---------+-----+--------+-------+-----+
|DSP              |        -|    -|       -|      -|    -|
|Expression       |        -|    -|       -|      -|    -|
|FIFO             |        -|    -|       -|      -|    -|
|Instance         |      128|    -|     264|    553|    -|
|Memory           |        -|    -|       -|      -|    -|
|Multiplexer      |        -|    -|       0|     46|    -|
|Register         |        -|    -|      77|      -|    -|
+-----------------+---------+-----+--------+-------+-----+
|Total            |      128|    0|     341|    599|    0|
+-----------------+---------+-----+--------+-------+-----+
|Available        |      280|  220|  106400|  53200|    0|
+-----------------+---------+-----+--------+-------+-----+
|Utilization (%)  |       45|    0|      ~0|      1|    0|
+-----------------+---------+-----+--------+-------+-----+

+ Detail: 
    * Instance: 
    +--------------------------------------+---------------------+---------+----+-----+-----+-----+
    |               Instance               |        Module       | BRAM_18K| DSP|  FF | LUT | URAM|
    +--------------------------------------+---------------------+---------+----+-----+-----+-----+
    |control_s_axi_U                       |control_s_axi        |      128|   0|  192|  238|    0|
    |grp_decode_fu_89                      |decode               |        0|   0|   38|  108|    0|
    |pc_1_execute_fu_99                    |execute              |        0|   0|    0|  145|    0|
    |grp_fetch_fu_82                       |fetch                |        0|   0|   34|   23|    0|
    |is_running_running_cond_update_fu_94  |running_cond_update  |        0|   0|    0|   39|    0|
    +--------------------------------------+---------------------+---------+----+-----+-----+-----+
    |Total                                 |                     |      128|   0|  264|  553|    0|
    +--------------------------------------+---------------------+---------+----+-----+-----+-----+

    * DSP: 
    N/A

    * Memory: 
    N/A

    * FIFO: 
    N/A

    * Expression: 
    N/A

    * Multiplexer: 
    +------------+----+-----------+-----+-----------+
    |    Name    | LUT| Input Size| Bits| Total Bits|
    +------------+----+-----------+-----+-----------+
    |ap_NS_fsm   |  37|          7|    1|          7|
    |pc_0_fu_64  |   9|          2|   16|         32|
    +------------+----+-----------+-----+-----------+
    |Total       |  46|          9|   17|         39|
    +------------+----+-----------+-----+-----------+

    * Register: 
    +-------------------------------+----+----+-----+-----------+
    |              Name             | FF | LUT| Bits| Const Bits|
    +-------------------------------+----+----+-----+-----------+
    |ap_CS_fsm                      |   6|   0|    6|          0|
    |d_i_type_reg_156               |   3|   0|    3|          0|
    |grp_decode_fu_89_ap_start_reg  |   1|   0|    1|          0|
    |grp_fetch_fu_82_ap_start_reg   |   1|   0|    1|          0|
    |instruction_reg_146            |  32|   0|   32|          0|
    |is_running_reg_152             |   1|   0|    1|          0|
    |pc_0_fu_64                     |  16|   0|   16|          0|
    |trunc_ln34_reg_161             |  17|   0|   17|          0|
    +-------------------------------+----+----+-----+-----------+
    |Total                          |  77|   0|   77|          0|
    +-------------------------------+----+----+-----+-----------+



================================================================
== Interface
================================================================
* Summary: 
+-----------------------+-----+-----+------------+----------------------+--------------+
|       RTL Ports       | Dir | Bits|  Protocol  |     Source Object    |    C Type    |
+-----------------------+-----+-----+------------+----------------------+--------------+
|s_axi_control_AWVALID  |   in|    1|       s_axi|               control|         array|
|s_axi_control_AWREADY  |  out|    1|       s_axi|               control|         array|
|s_axi_control_AWADDR   |   in|   19|       s_axi|               control|         array|
|s_axi_control_WVALID   |   in|    1|       s_axi|               control|         array|
|s_axi_control_WREADY   |  out|    1|       s_axi|               control|         array|
|s_axi_control_WDATA    |   in|   32|       s_axi|               control|         array|
|s_axi_control_WSTRB    |   in|    4|       s_axi|               control|         array|
|s_axi_control_ARVALID  |   in|    1|       s_axi|               control|         array|
|s_axi_control_ARREADY  |  out|    1|       s_axi|               control|         array|
|s_axi_control_ARADDR   |   in|   19|       s_axi|               control|         array|
|s_axi_control_RVALID   |  out|    1|       s_axi|               control|         array|
|s_axi_control_RREADY   |   in|    1|       s_axi|               control|         array|
|s_axi_control_RDATA    |  out|   32|       s_axi|               control|         array|
|s_axi_control_RRESP    |  out|    2|       s_axi|               control|         array|
|s_axi_control_BVALID   |  out|    1|       s_axi|               control|         array|
|s_axi_control_BREADY   |   in|    1|       s_axi|               control|         array|
|s_axi_control_BRESP    |  out|    2|       s_axi|               control|         array|
|ap_clk                 |   in|    1|  ap_ctrl_hs|  fetching_decoding_ip|  return value|
|ap_rst_n               |   in|    1|  ap_ctrl_hs|  fetching_decoding_ip|  return value|
|interrupt              |  out|    1|  ap_ctrl_hs|  fetching_decoding_ip|  return value|
+-----------------------+-----+-----+------------+----------------------+--------------+

