

================================================================
== Synthesis Summary Report of 'fetching_decoding_ip'
================================================================
+ General Information: 
    * Date:           Fri Jun  2 20:35:45 2023
    * Version:        2023.1 (Build 3854077 on May  4 2023)
    * Project:        fetching_decoding_ip
    * Solution:       solution1 (Vivado IP Flow Target)
    * Product family: zynq
    * Target device:  xc7z020-clg400-1
    

+ Performance & Resource Estimates: 
    
    PS: '+' for module; 'o' for loop; '*' for dataflow
    +-------------------------+--------+-------+---------+--------+----------+---------+------+----------+-----------+----+-----------+-----------+-----+
    |         Modules         |  Issue |       | Latency | Latency| Iteration|         | Trip |          |           |    |           |           |     |
    |         & Loops         |  Type  | Slack | (cycles)|  (ns)  |  Latency | Interval| Count| Pipelined|   BRAM    | DSP|     FF    |    LUT    | URAM|
    +-------------------------+--------+-------+---------+--------+----------+---------+------+----------+-----------+----+-----------+-----------+-----+
    |+ fetching_decoding_ip   |  Timing|  -3.12|        -|       -|         -|        -|     -|        no|  128 (45%)|   -|  338 (~0%)|   627 (1%)|    -|
    | o VITIS_LOOP_29_1       |       -|   7.30|        -|       -|         4|        3|     -|       yes|          -|   -|          -|          -|    -|
    |  + fetch                |       -|   4.05|        1|  10.000|         -|        2|     -|       yes|          -|   -|    2 (~0%)|   14 (~0%)|    -|
    |  + decode               |       -|   5.11|        1|  10.000|         -|        2|     -|       yes|          -|   -|   39 (~0%)|   90 (~0%)|    -|
    |  + running_cond_update  |       -|   4.75|        0|   0.000|         -|        1|     -|       yes|          -|   -|          -|   39 (~0%)|    -|
    |  + execute              |       -|   2.59|        0|   0.000|         -|        1|     -|       yes|          -|   -|          -|  147 (~0%)|    -|
    |  + statistic_update     |       -|   4.75|        0|   0.000|         -|        1|     -|       yes|          -|   -|          -|   39 (~0%)|    -|
    +-------------------------+--------+-------+---------+--------+----------+---------+------+----------+-----------+----+-----------+-----------+-----+


================================================================
== HW Interfaces
================================================================
* S_AXILITE Interfaces
+---------------+------------+---------------+--------+----------+-------------------+
| Interface     | Data Width | Address Width | Offset | Register | Resource Estimate |
+---------------+------------+---------------+--------+----------+-------------------+
| s_axi_control | 32         | 19            | 16     | 0        | BRAM=128          |
+---------------+------------+---------------+--------+----------+-------------------+

* S_AXILITE Registers
+---------------+---------------------+--------+-------+--------+----------------------------------+----------------------------------------------------------------------+
| Interface     | Register            | Offset | Width | Access | Description                      | Bit Fields                                                           |
+---------------+---------------------+--------+-------+--------+----------------------------------+----------------------------------------------------------------------+
| s_axi_control | CTRL                | 0x00   | 32    | RW     | Control signals                  | 0=AP_START 1=AP_DONE 2=AP_IDLE 3=AP_READY 7=AUTO_RESTART 9=INTERRUPT |
| s_axi_control | GIER                | 0x04   | 32    | RW     | Global Interrupt Enable Register | 0=Enable                                                             |
| s_axi_control | IP_IER              | 0x08   | 32    | RW     | IP Interrupt Enable Register     | 0=CHAN0_INT_EN 1=CHAN1_INT_EN                                        |
| s_axi_control | IP_ISR              | 0x0c   | 32    | RW     | IP Interrupt Status Register     | 0=CHAN0_INT_ST 1=CHAN1_INT_ST                                        |
| s_axi_control | start_pc            | 0x10   | 32    | W      | Data signal of start_pc          |                                                                      |
| s_axi_control | nb_instruction      | 0x18   | 32    | R      | Data signal of nb_instruction    |                                                                      |
| s_axi_control | nb_instruction_ctrl | 0x1c   | 32    | R      | Control signal of nb_instruction | 0=nb_instruction_ap_vld                                              |
+---------------+---------------------+--------+-------+--------+----------------------------------+----------------------------------------------------------------------+

* TOP LEVEL CONTROL
+-----------+------------+-----------+
| Interface | Type       | Ports     |
+-----------+------------+-----------+
| ap_clk    | clock      | ap_clk    |
| ap_rst_n  | reset      | ap_rst_n  |
| interrupt | interrupt  | interrupt |
| ap_ctrl   | ap_ctrl_hs |           |
+-----------+------------+-----------+


================================================================
== SW I/O Information
================================================================
* Top Function Arguments
+----------------+-----------+---------------+
| Argument       | Direction | Datatype      |
+----------------+-----------+---------------+
| start_pc       | in        | unsigned int  |
| code_ram       | in        | unsigned int* |
| nb_instruction | out       | unsigned int* |
+----------------+-----------+---------------+

* SW-to-HW Mapping
+----------------+---------------+----------+-----------------------------------------------+
| Argument       | HW Interface  | HW Type  | HW Info                                       |
+----------------+---------------+----------+-----------------------------------------------+
| start_pc       | s_axi_control | register | name=start_pc offset=0x10 range=32            |
| code_ram       | s_axi_control | memory   | name=code_ram offset=262144 range=262144      |
| nb_instruction | s_axi_control | register | name=nb_instruction offset=0x18 range=32      |
| nb_instruction | s_axi_control | register | name=nb_instruction_ctrl offset=0x1c range=32 |
+----------------+---------------+----------+-----------------------------------------------+


================================================================
== M_AXI Burst Information
================================================================
 Note: All burst requests might be further partitioned into multiple requests during RTL generation based on max_read_burst_length or max_write_burst_length settings.


================================================================
== Bind Op Report
================================================================
+------------------------+-----+--------+----------+-----+--------+---------+
| Name                   | DSP | Pragma | Variable | Op  | Impl   | Latency |
+------------------------+-----+--------+----------+-----+--------+---------+
| + fetching_decoding_ip | 0   |        |          |     |        |         |
|  + execute             | 0   |        |          |     |        |         |
|    ap_return           | -   |        | next_pc  | add | fabric | 0       |
|  + statistic_update    | 0   |        |          |     |        |         |
|    ap_return           | -   |        | add_ln9  | add | fabric | 0       |
+------------------------+-----+--------+----------+-----+--------+---------+


================================================================
== Bind Storage Report
================================================================
  No bind storage info in design

================================================================
== Pragma Report
================================================================
* Valid Pragma Syntax
+-----------+-------------------------------+----------------------------------------------------------------------------------------------+
| Type      | Options                       | Location                                                                                     |
+-----------+-------------------------------+----------------------------------------------------------------------------------------------+
| inline    |                               | fetching_decoding_ip/src/decode.cpp:15 in decode_instruction                                 |
| inline    |                               | fetching_decoding_ip/src/decode.cpp:28 in decode_immediate                                   |
| inline    | off                           | fetching_decoding_ip/src/decode.cpp:53 in decode                                             |
| inline    |                               | fetching_decoding_ip/src/execute.cpp:6 in compute_next_pc                                    |
| inline    | off                           | fetching_decoding_ip/src/execute.cpp:38 in execute                                           |
| inline    | off                           | fetching_decoding_ip/src/fetch.cpp:15 in fetch                                               |
| interface | s_axilite port=start_pc       | fetching_decoding_ip/src/fetching_decoding_ip.cpp:13 in fetching_decoding_ip, start_pc       |
| interface | s_axilite port=code_ram       | fetching_decoding_ip/src/fetching_decoding_ip.cpp:14 in fetching_decoding_ip, code_ram       |
| interface | s_axilite port=nb_instruction | fetching_decoding_ip/src/fetching_decoding_ip.cpp:15 in fetching_decoding_ip, nb_instruction |
| interface | s_axilite port=return         | fetching_decoding_ip/src/fetching_decoding_ip.cpp:16 in fetching_decoding_ip, return         |
| pipeline  | II=3                          | fetching_decoding_ip/src/fetching_decoding_ip.cpp:31 in fetching_decoding_ip                 |
| inline    |                               | fetching_decoding_ip/src/immediate.cpp:4 in i_immediate                                      |
| inline    |                               | fetching_decoding_ip/src/immediate.cpp:12 in s_immediate                                     |
| inline    |                               | fetching_decoding_ip/src/immediate.cpp:20 in b_immediate                                     |
| inline    |                               | fetching_decoding_ip/src/immediate.cpp:28 in u_immediate                                     |
| inline    |                               | fetching_decoding_ip/src/immediate.cpp:36 in j_immediate                                     |
| inline    | off                           | fetching_decoding_ip/src/running_cond_update.cpp:8 in running_cond_update                    |
| inline    | off                           | fetching_decoding_ip/src/statistic_update.cpp:8 in statistic_update                          |
| inline    |                               | fetching_decoding_ip/src/type.cpp:5 in type_00                                               |
| inline    |                               | fetching_decoding_ip/src/type.cpp:20 in type_01                                              |
| inline    |                               | fetching_decoding_ip/src/type.cpp:35 in type_10                                              |
| inline    |                               | fetching_decoding_ip/src/type.cpp:50 in type_11                                              |
| inline    |                               | fetching_decoding_ip/src/type.cpp:66 in type                                                 |
+-----------+-------------------------------+----------------------------------------------------------------------------------------------+


