#-----------------------------------------------------------
# Vivado v2024.1 (64-bit)
# SW Build 5076996 on Wed May 22 18:37:14 MDT 2024
# IP Build 5075265 on Wed May 22 21:45:21 MDT 2024
# SharedData Build 5076995 on Wed May 22 18:29:18 MDT 2024
# Start of session at: Sun Aug 11 22:37:11 2024
# Process ID: 33336
# Current directory: E:/nasaCPU/Vitis2024_workspace/my_adder_ip/my_adder_ip/hls/impl/verilog/project.runs/synth_1
# Command line: vivado.exe -log bd_0_wrapper.vds -product Vivado -mode batch -messageDb vivado.pb -notrace -source bd_0_wrapper.tcl
# Log file: E:/nasaCPU/Vitis2024_workspace/my_adder_ip/my_adder_ip/hls/impl/verilog/project.runs/synth_1/bd_0_wrapper.vds
# Journal file: E:/nasaCPU/Vitis2024_workspace/my_adder_ip/my_adder_ip/hls/impl/verilog/project.runs/synth_1\vivado.jou
# Running On        :Naboo
# Platform          :Windows Server 2016 or Windows 10
# Operating System  :22631
# Processor Detail  :AMD Ryzen 9 6900HS with Radeon Graphics        
# CPU Frequency     :3294 MHz
# CPU Physical cores:8
# CPU Logical cores :16
# Host memory       :33567 MB
# Swap memory       :9126 MB
# Total Virtual     :42694 MB
# Available Virtual :11923 MB
#-----------------------------------------------------------
source bd_0_wrapper.tcl -notrace
