================================================================
== Design Size Report
================================================================

* Total Instructions per Compilation Phase
+---------------+-----------------------------+--------------+----------------------------------------------------------------------------------------+
| Phase         | Step                        | Instructions | Description                                                                            |
+---------------+-----------------------------+--------------+----------------------------------------------------------------------------------------+
| Compile/Link  |                             | 7,267        | After all functions are compiled and linked into a single design                       |
|               |                             |              |                                                                                        |
| Unroll/Inline |                             |              | After user unroll and inline pragmas are applied                                       |
|               | (1) unroll                  |   571        | user unroll pragmas are applied                                                        |
|               | (2) simplification          |   459        | simplification of applied user unroll pragmas                                          |
|               | (3) inline                  |   453        | user inline pragmas are applied                                                        |
|               | (4) simplification          |   451        | simplification of applied user inline pragmas                                          |
|               |                             |              |                                                                                        |
| Array/Struct  |                             |              | After user array partition and struct aggregate/disaggregate pragmas are applied       |
|               | (1) array partition         |   674        | user array partition pragmas are applied                                               |
|               | (2) simplification          |   637        | simplification of applied user array partition & struct aggregate/disaggregate pragmas |
|               | (3) aggregate/disaggregate  |   637        | user struct aggregate/disaggregate pragmas are applied                                 |
|               | (4) array reshape           |   635        | apply array reshape pragmas                                                            |
|               | (5) access patterns         |   763        | array access pattern optmizations                                                      |
|               |                             |              |                                                                                        |
| Performance   |                             |              | After transformations are applied to meet performance pragma targets                   |
|               | (1) loop simplification     |   601        | loop and instruction simplification                                                    |
|               | (2) parallelization         |   568        | loops are unrolled or pipelined to meet performance targets                            |
|               | (3) array partition         |   568        | arrays are partitioned to meet performance targets                                     |
|               | (4) simplification          |   568        | simplification of design after performance transformations                             |
|               |                             |              |                                                                                        |
| HW Transforms |                             |              | After hardware transfomations                                                          |
|               | (1) lowering                |   580        | initial conversion to HW specific instructions                                         |
|               | (2) optimizations           |   577        | high level synthesis optimizations                                                     |
+---------------+-----------------------------+--------------+----------------------------------------------------------------------------------------+

* Instructions per Function for each Compilation Phase
+----------------------------+------------------+----------------+---------------+--------------+-------------+---------------+
| Function                   | Location         | Compile/Link   | Unroll/Inline | Array/Struct | Performance | HW Transforms |
+----------------------------+------------------+----------------+---------------+--------------+-------------+---------------+
| + fde_ip                   | fde_ip.cpp:28    | 7,267          | 451           | 763          | 568         | 577           |
|    fetch                   | fetch.cpp:10     |   11           |   6           |   6          |   5         |   6           |
|  + decode                  | decode.cpp:40    | 4,388          | 152           | 152          | 152         | 153           |
|   + decode_instruction     | decode.cpp:5     | 1,072          |               |              |             |               |
|    + type                  | type.cpp:60      |  896           |               |              |             |               |
|       type_00              | type.cpp:4       |  180           |               |              |             |               |
|       type_01              | type.cpp:18      |  180           |               |              |             |               |
|       type_10              | type.cpp:32      |  180           |               |              |             |               |
|       type_11              | type.cpp:46      |  180           |               |              |             |               |
|   + decode_immediate       | decode.cpp:17    | 3,313          |               |              |             |               |
|      i_immediate           | immediate.cpp:3  |  504           |               |              |             |               |
|      s_immediate           | immediate.cpp:10 |  504           |               |              |             |               |
|      b_immediate           | immediate.cpp:17 |  504           |               |              |             |               |
|      u_immediate           | immediate.cpp:24 |  658           |               |              |             |               |
|      j_immediate           | immediate.cpp:32 |  658           |               |              |             |               |
|  + execute                 | execute.cpp:170  | 2,699          | 215           | 305          | 296         | 289           |
|     read_reg               | execute.cpp:11   |   21           |               |              |             |               |
|   + compute_result         | execute.cpp:87   | 1,199          |               |              |             |               |
|      compute_op_result     | execute.cpp:48   |  540 (2 calls) |               |              |             |               |
|      compute_branch_result | execute.cpp:31   |  156           |               |              |             |               |
|     write_reg              | execute.cpp:21   |  105           |               |              |             |               |
|     compute_next_pc        | execute.cpp:133  | 1,307          |               |              |             |               |
|    statistic_update        | fde_ip.cpp:23    |    4           |               |              |             |               |
|    running_cond_update     | fde_ip.cpp:16    |   57           |   9           |   9          |   8         |   9           |
+----------------------------+------------------+----------------+---------------+--------------+-------------+---------------+

* Design Size Message Settings
+---------------------------------------------+--------+------------------------------------------------------------------+
| Message Setting                             | Value  | Description                                                      |
+---------------------------------------------+--------+------------------------------------------------------------------+
| config_compile -design_size_maximum_warning | 100000 | Show a warning when total design instructions exceeds this value |
+---------------------------------------------+--------+------------------------------------------------------------------+


