#-----------------------------------------------------------
# Vivado v2022.2.2 (64-bit)
# SW Build 3788238 on Tue Feb 21 20:00:34 MST 2023
# IP Build 3783773 on Tue Feb 21 23:41:56 MST 2023
# Start of session at: Sat May 27 20:02:18 2023
# Process ID: 19100
# Current directory: C:/Users/monde/Documents/GitHub/nasa-CPU/HLS/fetching_decoding_ip/solution1/impl/verilog/project.runs/impl_1
# Command line: vivado.exe -log bd_0_wrapper.vdi -applog -product Vivado -messageDb vivado.pb -mode batch -source bd_0_wrapper.tcl -notrace
# Log file: C:/Users/monde/Documents/GitHub/nasa-CPU/HLS/fetching_decoding_ip/solution1/impl/verilog/project.runs/impl_1/bd_0_wrapper.vdi
# Journal file: C:/Users/monde/Documents/GitHub/nasa-CPU/HLS/fetching_decoding_ip/solution1/impl/verilog/project.runs/impl_1\vivado.jou
# Running On: Naboo, OS: Windows, CPU Frequency: 1992 MHz, CPU Physical cores: 4, Host memory: 17022 MB
#-----------------------------------------------------------
source bd_0_wrapper.tcl -notrace
